// Jest Snapshot v1, https://goo.gl/fbAQLP

exports[`BreadCrumb Component ---> shapshot test: 1`] = `[Function]`;
