// Jest Snapshot v1, https://goo.gl/fbAQLP

exports[`Dropdown Component ---> shapshot test: 1`] = `[Function]`;
