// Jest Snapshot v1, https://goo.gl/fbAQLP

exports[`MovieItem Component ---> shapshot test: 1`] = `[Function]`;
