// Jest Snapshot v1, https://goo.gl/fbAQLP

exports[`Header Component Header snapshot test: 1`] = `[Function]`;
